
----------------------
 Test 1: normal
----------------------

*** SETUP ***
+ first/
+ first/diff-dir-plus-fst
+ first/diff-dir-plus-fst/fst
  > foo
+ first/diff-dir-plus-snd
+ first/diff-dir-plus-snd/fst
  > foo
  > bar
+ first/diff-file
  > foo
+ first/diff-file-plus-fst
  > foo
  > bar
+ first/diff-file-plus-snd
  > foo
+ first/dir-only-fst
+ first/dir-only-fst/fst
  > foo
+ first/file-only-fst
  > foo
+ first/same-dir
+ first/same-file
  > foo
+ second/
+ second/diff-dir-plus-fst
+ second/diff-dir-plus-fst/fst
  > foo
  > bar
+ second/diff-dir-plus-snd
+ second/diff-dir-plus-snd/fst
  > foo
+ second/diff-file
  > bar
+ second/diff-file-plus-fst
  > foo
+ second/diff-file-plus-snd
  > foo
  > bar
+ second/file-only-snd
  > foo
+ second/same-dir
+ second/same-file
  > foo

*** DIFF ***
--- first/diff-dir-plus-fst/fst
+++ second/diff-dir-plus-fst/fst
@@ -2,0 +2,1 @@
+bar
--- first/diff-dir-plus-snd/fst
+++ second/diff-dir-plus-snd/fst
@@ -2,1 +2,0 @@
-bar
--- first/diff-file
+++ second/diff-file
@@ -1,1 +1,1 @@
-foo
+bar
--- first/diff-file-plus-fst
+++ second/diff-file-plus-fst
@@ -2,1 +2,0 @@
-bar
--- first/diff-file-plus-snd
+++ second/diff-file-plus-snd
@@ -2,0 +2,1 @@
+bar
--- first/dir-only-fst/fst
+++ /dev/null
@@ -1,1 +0,0 @@
-foo
--- first/file-only-fst
+++ /dev/null
@@ -1,1 +0,0 @@
-foo
--- /dev/null
+++ second/file-only-snd
@@ -0,0 +1,1 @@
+foo

*** PATCHED ***
+ first/
+ first/diff-dir-plus-fst
+ first/diff-dir-plus-fst/fst
  > foo
  > bar
+ first/diff-dir-plus-snd
+ first/diff-dir-plus-snd/fst
  > foo
+ first/diff-file
  > bar
+ first/diff-file-plus-fst
  > foo
+ first/diff-file-plus-snd
  > foo
  > bar
+ first/dir-only-fst
+ first/file-only-snd
  > foo
+ first/same-dir
+ first/same-file
  > foo
+ second/
+ second/diff-dir-plus-fst
+ second/diff-dir-plus-fst/fst
  > foo
  > bar
+ second/diff-dir-plus-snd
+ second/diff-dir-plus-snd/fst
  > foo
+ second/diff-file
  > bar
+ second/diff-file-plus-fst
  > foo
+ second/diff-file-plus-snd
  > foo
  > bar
+ second/file-only-snd
  > foo
+ second/same-dir
+ second/same-file
  > foo

*** GIT DIFF ***
diff --git b/diff-dir-plus-fst/fst a/diff-dir-plus-fst/fst
index c0ffee..c0ffee c0ffee
--- b/diff-dir-plus-fst/fst
+++ a/diff-dir-plus-fst/fst
@@ -1 +1,2 @@
 foo
+bar
diff --git b/diff-dir-plus-snd/fst a/diff-dir-plus-snd/fst
index c0ffee..c0ffee c0ffee
--- b/diff-dir-plus-snd/fst
+++ a/diff-dir-plus-snd/fst
@@ -1,2 +1 @@
 foo
-bar
diff --git b/diff-file a/diff-file
index c0ffee..c0ffee c0ffee
--- b/diff-file
+++ a/diff-file
@@ -1 +1 @@
-foo
+bar
diff --git b/diff-file-plus-fst a/diff-file-plus-fst
index c0ffee..c0ffee c0ffee
--- b/diff-file-plus-fst
+++ a/diff-file-plus-fst
@@ -1,2 +1 @@
 foo
-bar
diff --git b/diff-file-plus-snd a/diff-file-plus-snd
index c0ffee..c0ffee c0ffee
--- b/diff-file-plus-snd
+++ a/diff-file-plus-snd
@@ -1 +1,2 @@
 foo
+bar
diff --git b/file-only-fst a/file-only-fst
deleted file mode c0ffee
index c0ffee..c0ffee
--- b/file-only-fst
+++ /dev/null
@@ -1 +0,0 @@
-foo
diff --git b/dir-only-fst/fst a/file-only-snd
similarity index 100%
rename from dir-only-fst/fst
rename to file-only-snd

*** GIT PATCHED ***
+ first/
+ first/diff-dir-plus-fst
+ first/diff-dir-plus-fst/fst
  > foo
  > bar
+ first/diff-dir-plus-snd
+ first/diff-dir-plus-snd/fst
  > foo
+ first/diff-file
  > bar
+ first/diff-file-plus-fst
  > foo
+ first/diff-file-plus-snd
  > foo
  > bar
+ first/dir-only-fst
+ first/file-only-snd
  > foo
+ first/same-dir
+ first/same-file
  > foo
+ second/
+ second/diff-dir-plus-fst
+ second/diff-dir-plus-fst/fst
  > foo
  > bar
+ second/diff-dir-plus-snd
+ second/diff-dir-plus-snd/fst
  > foo
+ second/diff-file
  > bar
+ second/diff-file-plus-fst
  > foo
+ second/diff-file-plus-snd
  > foo
  > bar
+ second/file-only-snd
  > foo
+ second/same-dir
+ second/same-file
  > foo


----------------------
 Test 2: diff file/dir error
----------------------

*** SETUP ***
+ first/
+ first/file-fst-dir-snd
  > foo
+ first/same-file
  > foo
+ second/
+ second/file-fst-dir-snd
+ second/file-fst-dir-snd/fst
  > foo
+ second/same-file
  > foo

*** DIFF ***
ERROR: Change from a regular file to a directory is unsupported

----------------------
 Test 3: diff dir/file error
----------------------

*** SETUP ***
+ first/
+ first/dir-fst-file-snd
+ first/dir-fst-file-snd/fst
  > foo
+ first/same-file
  > foo
+ second/
+ second/dir-fst-file-snd
  > foo
+ second/same-file
  > foo

*** DIFF ***
ERROR: Change from a directory to a regular file is unsupported

----------------------
 Test 4: symlink fst
----------------------

*** SETUP ***
+ first/
+ first/linked-file-fst
  > bar
+ first/same-file
  > foo
+ second/
+ second/linked-file-fst
  > foo
+ second/same-file
  > foo

*** DIFF ***
ERROR: Symlinks are unsupported

----------------------
 Test 5: symlink snd
----------------------

*** SETUP ***
+ first/
+ first/linked-file-snd
  > foo
+ first/same-file
  > foo
+ second/
+ second/linked-file-snd
  > bar
+ second/same-file
  > foo

*** DIFF ***
ERROR: Symlinks are unsupported

----------------------
 Test 6: hardlink fst
----------------------

*** SETUP ***
+ first/
+ first/hardlinked-file-fst
  > bar
+ first/same-file
  > foo
+ second/
+ second/hardlinked-file-fst
  > foo
+ second/same-file
  > foo

*** DIFF ***
--- first/hardlinked-file-fst
+++ second/hardlinked-file-fst
@@ -1,1 +1,1 @@
-bar
+foo

*** PATCHED ***
+ first/
+ first/hardlinked-file-fst
  > foo
+ first/same-file
  > foo
+ second/
+ second/hardlinked-file-fst
  > foo
+ second/same-file
  > foo


----------------------
 Test 7: hardlink snd
----------------------

*** SETUP ***
+ first/
+ first/hardlinked-file-snd
  > foo
+ first/same-file
  > foo
+ second/
+ second/hardlinked-file-snd
  > foo
+ second/same-file
  > foo

*** DIFF ***
No diff

----------------------
 Test 8: patch error garbage
----------------------

*** SETUP ***
+ first/
+ first/diff-file
  > foo
+ first/same-file
  > foo
+ second/
+ second/diff-file
  > bar
+ second/same-file
  > foo

*** GIVEN DIFF ***
something in
the file
that is not
patch format

*** PATCHED ***
+ first/
+ first/diff-file
  > foo
+ first/same-file
  > foo
+ second/
+ second/diff-file
  > bar
+ second/same-file
  > foo


----------------------
 Test 9: patch truncated
----------------------

*** SETUP ***
+ first/
+ first/diff-file
  > foo
+ first/diff-file-plus-fst
  > foo
  > bar
+ first/same-file
  > foo
+ second/
+ second/diff-file
  > bar
+ second/diff-file-plus-fst
  > foo
+ second/same-file
  > foo

*** GIVEN DIFF ***
--- first/diff-file
+++ second/diff-file
@@ -1,1 +1,1 @@
-foo
+bar
--- first/diff-fi

*** PATCHED ***
+ first/
+ first/diff-file
  > bar
+ first/diff-file-plus-fst
  > foo
  > bar
+ first/same-file
  > foo
+ second/
+ second/diff-file
  > bar
+ second/diff-file-plus-fst
  > foo
+ second/same-file
  > foo


----------------------
 Test 10: add empty file
----------------------

*** SETUP ***
+ first/
+ first/same-file
  > foo
+ second/
+ second/im-empty
+ second/same-file
  > foo

*** DIFF ***
diff --git second/im-empty second/im-empty
new file mode 100644

*** PATCHED ***
+ first/
+ first/im-empty
+ first/same-file
  > foo
+ second/
+ second/im-empty
+ second/same-file
  > foo

*** GIT DIFF ***
diff --git b/im-empty a/im-empty
new file mode c0ffee
index c0ffee..c0ffee

*** GIT PATCHED ***
+ first/
+ first/im-empty
+ first/same-file
  > foo
+ second/
+ second/im-empty
+ second/same-file
  > foo


----------------------
 Test 11: remove empty file
----------------------

*** SETUP ***
+ first/
+ first/im-empty
+ first/same-file
  > foo
+ second/
+ second/same-file
  > foo

*** DIFF ***
diff --git first/im-empty first/im-empty
deleted file mode 100644

*** PATCHED ***
+ first/
+ first/same-file
  > foo
+ second/
+ second/same-file
  > foo

*** GIT DIFF ***
diff --git b/im-empty a/im-empty
deleted file mode c0ffee
index c0ffee..c0ffee

*** GIT PATCHED ***
+ first/
+ first/same-file
  > foo
+ second/
+ second/same-file
  > foo


----------------------
 Test 12: move file into a new directory
----------------------

*** SETUP ***
+ first/
+ first/move-me
  > bar
+ first/same-file
  > foo
+ second/
+ second/inner
+ second/inner/move-me
  > bar
+ second/same-file
  > foo

*** DIFF ***
--- /dev/null
+++ second/inner/move-me
@@ -0,0 +1,1 @@
+bar
--- first/move-me
+++ /dev/null
@@ -1,1 +0,0 @@
-bar

*** PATCHED ***
+ first/
+ first/inner
+ first/inner/move-me
  > bar
+ first/same-file
  > foo
+ second/
+ second/inner
+ second/inner/move-me
  > bar
+ second/same-file
  > foo

*** GIT DIFF ***
diff --git b/move-me a/inner/move-me
similarity index 100%
rename from move-me
rename to inner/move-me

*** GIT PATCH ERROR ***
ERROR: Unix.Unix_error(Unix.ENOENT, "rename", "/tmp/build_c0ffee_dune/opam-c0ffee-c0ffee/first/move-me")

----------------------
 Test 13: delete file that deletes the directory
----------------------

*** SETUP ***
+ first/
+ first/im-here
+ first/im-here/delete-me
  > bar
+ first/im-not-here
+ first/im-not-here/delete-me
  > baz
+ first/same-file
  > foo
+ second/
+ second/im-here
+ second/same-file
  > foo

*** DIFF ***
--- first/im-here/delete-me
+++ /dev/null
@@ -1,1 +0,0 @@
-bar
--- first/im-not-here/delete-me
+++ /dev/null
@@ -1,1 +0,0 @@
-baz
\ No newline at end of file

*** PATCHED ***
+ first/
+ first/im-here
+ first/im-not-here
+ first/same-file
  > foo
+ second/
+ second/im-here
+ second/same-file
  > foo

*** GIT DIFF ***
diff --git b/im-here/delete-me a/im-here/delete-me
deleted file mode c0ffee
index c0ffee..c0ffee
--- b/im-here/delete-me
+++ /dev/null
@@ -1 +0,0 @@
-bar
diff --git b/im-not-here/delete-me a/im-not-here/delete-me
deleted file mode c0ffee
index c0ffee..c0ffee
--- b/im-not-here/delete-me
+++ /dev/null
@@ -1 +0,0 @@
-baz
\ No newline at end of file

*** GIT PATCHED ***
+ first/
+ first/im-here
+ first/im-not-here
+ first/same-file
  > foo
+ second/
+ second/im-here
+ second/same-file
  > foo

